token	lexeme	lineno
INT	int	1
 ID	a	1
SEMICOLON	;	1
INT	int	3
 ID	main	3
LPAREN	(	3
RPAREN	)	3
LBRACE	{	4
    INT	int	5
 ID	a	5
SEMICOLON	;	5
    ID	a	6
 ASSIGN	=	6
 NUMBER	1	6
 ADD	+	6
 NUMBER	2	6
SEMICOLON	;	6
    IF	if	7
LPAREN	(	7
ID	a	7
 LESS	<	7
 NUMBER	5	7
RPAREN	)	7
        RETURN	return	8
 NUMBER	1	8
SEMICOLON	;	8
    RETURN	return	9
 NUMBER	0	9
SEMICOLON	;	9
RBRACE	}	10
